// Jest Snapshot v1, https://goo.gl/fbAQLP

exports[`<Translate /> Given the component was mounted to the DOM should match snapshot 1`] = `
<I18nProvider
  lang="en-US"
  locales={
    Object {
      "greeting": "Hello {name}",
    }
  }
>
  <Translate
    className=""
    params={
      Object {
        "name": "Test",
      }
    }
    string="greeting"
  >
    <span
      className=""
    >
      Hello Test
    </span>
  </Translate>
</I18nProvider>
`;
