// Jest Snapshot v1, https://goo.gl/fbAQLP

exports[`Portlets should render without any props 1`] = `""`;
