// Jest Snapshot v1, https://goo.gl/fbAQLP

exports[`<FormatDate /> Given the component was mounted to the DOM should match snapshot 1`] = `
<I18nProvider
  lang="en-US"
  locales={
    Object {
      "greeting": "Hello {date}",
    }
  }
>
  <div>
    <span
      className="only-date"
    >
      <FormatDate
        format="medium"
        timestamp={123456789000}
      >
        <span>
          Nov 29, 1973
        </span>
      </FormatDate>
    </span>
    <span
      className="text-with-date"
    >
      <Translate
        className=""
        params={Object {}}
        string="greeting"
      >
        <span
          className=""
        >
          Hello 
          <FormatDate
            forKey="date"
            format="medium"
            timestamp={123456789000}
          >
            <span>
              Nov 29, 1973
            </span>
          </FormatDate>
        </span>
      </Translate>
    </span>
  </div>
</I18nProvider>
`;
