// Jest Snapshot v1, https://goo.gl/fbAQLP

exports[`<InfiniteContainer /> Given that the initialLimit is used in the correct ways Given that the initialLimit is NOT used  should render without the initialLimit 1`] = `
<div>
  <div>
    <div>
      <li>
        Item 0
      </li>
      <li>
        Item 1
      </li>
      <li>
        Item 2
      </li>
      <li>
        Item 3
      </li>
      <li>
        Item 4
      </li>
      <li>
        Item 5
      </li>
      <li>
        Item 6
      </li>
      <li>
        Item 7
      </li>
      <li>
        Item 8
      </li>
      <li>
        Item 9
      </li>
      <li>
        Item 10
      </li>
      <li>
        Item 11
      </li>
      <li>
        Item 12
      </li>
      <li>
        Item 13
      </li>
      <li>
        Item 14
      </li>
      <li>
        Item 15
      </li>
      <li>
        Item 16
      </li>
      <li>
        Item 17
      </li>
      <li>
        Item 18
      </li>
      <li>
        Item 19
      </li>
      <li>
        Item 20
      </li>
      <li>
        Item 21
      </li>
      <li>
        Item 22
      </li>
      <li>
        Item 23
      </li>
      <li>
        Item 24
      </li>
      <li>
        Item 25
      </li>
      <li>
        Item 26
      </li>
      <li>
        Item 27
      </li>
      <li>
        Item 28
      </li>
      <li>
        Item 29
      </li>
    </div>
  </div>
</div>
`;

exports[`<InfiniteContainer /> Given the component was mounted to the DOM should match snapshot 1`] = `
<div>
  <div>
    <div />
  </div>
</div>
`;
