// Jest Snapshot v1, https://goo.gl/fbAQLP

exports[`<FormatTime /> Given the component was mounted to the DOM should match snapshot 1`] = `
<I18nProvider
  lang="en-US"
  locales={
    Object {
      "greeting": "Hello {time}",
    }
  }
>
  <div>
    <span
      className="only-time"
    >
      <FormatTime
        format="medium"
        timestamp={946092345000}
      >
        <span>
          4:25:45 AM
        </span>
      </FormatTime>
    </span>
    <span
      className="text-with-time"
    >
      <Translate
        className=""
        params={Object {}}
        string="greeting"
      >
        <span
          className=""
        >
          Hello 
          <FormatTime
            forKey="time"
            format="medium"
            key=".0"
            timestamp={946092345000}
          >
            <span>
              4:25:45 AM
            </span>
          </FormatTime>
        </span>
      </Translate>
    </span>
  </div>
</I18nProvider>
`;
