// Jest Snapshot v1, https://goo.gl/fbAQLP

exports[`<ModalContainer /> Given the component was mounted to the DOM should match snapshot 1`] = `
<Provider
  store={
    Object {
      "dispatch": [Function],
      "getState": [Function],
      "replaceReducer": [Function],
      "subscribe": [Function],
      Symbol(observable): [Function],
    }
  }
>
  <div
    id="container"
  >
    <Connect(ModalContainer)
      component={[Function]}
    >
      <ModalContainer
        component={[Function]}
        confirm={[Function]}
        dismiss={[Function]}
        modal={null}
      />
    </Connect(ModalContainer)>
  </div>
</Provider>
`;
