// Jest Snapshot v1, https://goo.gl/fbAQLP

exports[`<FormatPrice /> Given the component was mounted to the DOM should match snapshot 1`] = `
<I18nProvider
  lang="en-US"
  locales={
    Object {
      "greeting": "Hello {price}",
    }
  }
>
  <div>
    <span
      className="only-price"
    >
      <FormatPrice
        className=""
        currency="EUR"
        fractions={true}
        price={1234.56}
      >
        <span
          className=""
        >
          €1,234.56
        </span>
      </FormatPrice>
    </span>
    <span
      className="text-with-price"
    >
      <Translate
        className=""
        params={Object {}}
        string="greeting"
      >
        <span
          className=""
        >
          Hello 
          <FormatPrice
            className=""
            currency="EUR"
            forKey="price"
            fractions={true}
            key=".0"
            price={1234.56}
          >
            <span
              className=""
            >
              €1,234.56
            </span>
          </FormatPrice>
        </span>
      </Translate>
    </span>
  </div>
</I18nProvider>
`;
