// Jest Snapshot v1, https://goo.gl/fbAQLP

exports[`Portal should render without any props 1`] = `""`;
