// Jest Snapshot v1, https://goo.gl/fbAQLP

exports[`<Drawer /> should add custom classes 1`] = `
<Drawer
  alwaysActive={false}
  animation={
    Object {
      "duration": null,
      "in": "",
      "out": "",
    }
  }
  className="custom-class-name"
  isOpen={true}
  onClose={[Function]}
  onOpen={[Function]}
>
  <div
    className="custom-class-name css-1rg7udn css-1dwe0qx"
    onAnimationEnd={[Function]}
    style={Object {}}
  />
</Drawer>
`;

exports[`<Drawer /> should render 1`] = `null`;
