// Jest Snapshot v1, https://goo.gl/fbAQLP

exports[`<RouteGuard /> should not render the opened portal when on another route 1`] = `
<RouteGuard
  currentRoute="anotherRoute"
/>
`;

exports[`<RouteGuard /> should render the opened portal when on same route 1`] = `
<RouteGuard
  currentRoute="initialRoute"
>
  <div>
    <div
      id="TheContents"
    />
  </div>
</RouteGuard>
`;
