// Jest Snapshot v1, https://goo.gl/fbAQLP

exports[`<SelectBox> should render the selectbox with given mock components 1`] = `
<SelectBox
  className=""
  classNames={Object {}}
  defaultText="filter.sort.default"
  duration={225}
  handleSelectionUpdate={[Function]}
  icon={[Function]}
  initialValue={null}
  item={[Function]}
  items={
    Array [
      Object {
        "label": "My item #1",
        "value": "item_1",
      },
      Object {
        "label": "My item #2",
        "value": "item_2",
      },
      Object {
        "label": "My item #3",
        "value": "item_3",
      },
    ]
  }
>
  <div
    className=""
  >
    <button
      onClick={[Function]}
    >
      <span>
        <Translate
          className=""
          params={Object {}}
          string="filter.sort.default"
        >
          <span
            className=""
          >
            filter.sort.default
          </span>
        </Translate>
      </span>
      <div>
        <MockIconComponent>
          <span
            id="icon"
          />
        </MockIconComponent>
      </div>
    </button>
    <Dropdown
      className=""
      duration={225}
      easing={null}
      isOpen={false}
      onComplete={[Function]}
      onStart={[Function]}
    >
      <Transition
        duration={225}
        easing={null}
        from={
          Object {
            "height": 0,
          }
        }
        onComplete={[Function]}
        onStart={[Function]}
        origin="0 0 0"
        set={null}
        to={
          Object {
            "height": 0,
          }
        }
      >
        <div
          className="css-rdsogp "
        >
          <div>
            <SelectBoxItem
              className=""
              handleSelectionUpdate={[Function]}
              label="My item #1"
              value="item_1"
              wrapper={[Function]}
            >
              <button
                className=""
                onClick={[Function]}
              >
                <MockItemComponent>
                  <div>
                    <Translate
                      className=""
                      params={Object {}}
                      string="My item #1"
                    >
                      <span
                        className=""
                      >
                        My item #1
                      </span>
                    </Translate>
                  </div>
                </MockItemComponent>
              </button>
            </SelectBoxItem>
            <SelectBoxItem
              className=""
              handleSelectionUpdate={[Function]}
              label="My item #2"
              value="item_2"
              wrapper={[Function]}
            >
              <button
                className=""
                onClick={[Function]}
              >
                <MockItemComponent>
                  <div>
                    <Translate
                      className=""
                      params={Object {}}
                      string="My item #2"
                    >
                      <span
                        className=""
                      >
                        My item #2
                      </span>
                    </Translate>
                  </div>
                </MockItemComponent>
              </button>
            </SelectBoxItem>
            <SelectBoxItem
              className=""
              handleSelectionUpdate={[Function]}
              label="My item #3"
              value="item_3"
              wrapper={[Function]}
            >
              <button
                className=""
                onClick={[Function]}
              >
                <MockItemComponent>
                  <div>
                    <Translate
                      className=""
                      params={Object {}}
                      string="My item #3"
                    >
                      <span
                        className=""
                      >
                        My item #3
                      </span>
                    </Translate>
                  </div>
                </MockItemComponent>
              </button>
            </SelectBoxItem>
          </div>
        </div>
      </Transition>
    </Dropdown>
  </div>
</SelectBox>
`;

exports[`<SelectBox> should render with a default text 1`] = `
<SelectBox
  className=""
  classNames={Object {}}
  defaultText="Foo"
  duration={225}
  handleSelectionUpdate={[Function]}
  icon={[Function]}
  initialValue={null}
  item={[Function]}
  items={
    Array [
      Object {
        "label": "My item #1",
        "value": "item_1",
      },
      Object {
        "label": "My item #2",
        "value": "item_2",
      },
      Object {
        "label": "My item #3",
        "value": "item_3",
      },
    ]
  }
>
  <div
    className=""
  >
    <button
      onClick={[Function]}
    >
      <span>
        <Translate
          className=""
          params={Object {}}
          string="Foo"
        >
          <span
            className=""
          >
            Foo
          </span>
        </Translate>
      </span>
      <div>
        <MockIconComponent>
          <span
            id="icon"
          />
        </MockIconComponent>
      </div>
    </button>
    <Dropdown
      className=""
      duration={225}
      easing={null}
      isOpen={false}
      onComplete={[Function]}
      onStart={[Function]}
    >
      <Transition
        duration={225}
        easing={null}
        from={
          Object {
            "height": 0,
          }
        }
        onComplete={[Function]}
        onStart={[Function]}
        origin="0 0 0"
        set={null}
        to={
          Object {
            "height": 0,
          }
        }
      >
        <div
          className="css-rdsogp "
        >
          <div>
            <SelectBoxItem
              className=""
              handleSelectionUpdate={[Function]}
              label="My item #1"
              value="item_1"
              wrapper={[Function]}
            >
              <button
                className=""
                onClick={[Function]}
              >
                <MockItemComponent>
                  <div>
                    <Translate
                      className=""
                      params={Object {}}
                      string="My item #1"
                    >
                      <span
                        className=""
                      >
                        My item #1
                      </span>
                    </Translate>
                  </div>
                </MockItemComponent>
              </button>
            </SelectBoxItem>
            <SelectBoxItem
              className=""
              handleSelectionUpdate={[Function]}
              label="My item #2"
              value="item_2"
              wrapper={[Function]}
            >
              <button
                className=""
                onClick={[Function]}
              >
                <MockItemComponent>
                  <div>
                    <Translate
                      className=""
                      params={Object {}}
                      string="My item #2"
                    >
                      <span
                        className=""
                      >
                        My item #2
                      </span>
                    </Translate>
                  </div>
                </MockItemComponent>
              </button>
            </SelectBoxItem>
            <SelectBoxItem
              className=""
              handleSelectionUpdate={[Function]}
              label="My item #3"
              value="item_3"
              wrapper={[Function]}
            >
              <button
                className=""
                onClick={[Function]}
              >
                <MockItemComponent>
                  <div>
                    <Translate
                      className=""
                      params={Object {}}
                      string="My item #3"
                    >
                      <span
                        className=""
                      >
                        My item #3
                      </span>
                    </Translate>
                  </div>
                </MockItemComponent>
              </button>
            </SelectBoxItem>
          </div>
        </div>
      </Transition>
    </Dropdown>
  </div>
</SelectBox>
`;

exports[`<SelectBox> should render with a preselected selection 1`] = `
<SelectBox
  className=""
  classNames={Object {}}
  defaultText="Foo"
  duration={225}
  handleSelectionUpdate={[Function]}
  icon={[Function]}
  initialValue="item_2"
  item={[Function]}
  items={
    Array [
      Object {
        "label": "My item #1",
        "value": "item_1",
      },
      Object {
        "label": "My item #2",
        "value": "item_2",
      },
      Object {
        "label": "My item #3",
        "value": "item_3",
      },
    ]
  }
>
  <div
    className=""
  >
    <button
      onClick={[Function]}
    >
      <span>
        <Translate
          className=""
          params={Object {}}
          string="My item #2"
        >
          <span
            className=""
          >
            My item #2
          </span>
        </Translate>
      </span>
      <div>
        <MockIconComponent>
          <span
            id="icon"
          />
        </MockIconComponent>
      </div>
    </button>
    <Dropdown
      className=""
      duration={225}
      easing={null}
      isOpen={false}
      onComplete={[Function]}
      onStart={[Function]}
    >
      <Transition
        duration={225}
        easing={null}
        from={
          Object {
            "height": 0,
          }
        }
        onComplete={[Function]}
        onStart={[Function]}
        origin="0 0 0"
        set={null}
        to={
          Object {
            "height": 0,
          }
        }
      >
        <div
          className="css-rdsogp "
        >
          <div>
            <SelectBoxItem
              className=""
              handleSelectionUpdate={[Function]}
              label="My item #1"
              value="item_1"
              wrapper={[Function]}
            >
              <button
                className=""
                onClick={[Function]}
              >
                <MockItemComponent>
                  <div>
                    <Translate
                      className=""
                      params={Object {}}
                      string="My item #1"
                    >
                      <span
                        className=""
                      >
                        My item #1
                      </span>
                    </Translate>
                  </div>
                </MockItemComponent>
              </button>
            </SelectBoxItem>
            <SelectBoxItem
              className=""
              handleSelectionUpdate={[Function]}
              label="My item #2"
              value="item_2"
              wrapper={[Function]}
            >
              <button
                className=""
                onClick={[Function]}
              >
                <MockItemComponent>
                  <div>
                    <Translate
                      className=""
                      params={Object {}}
                      string="My item #2"
                    >
                      <span
                        className=""
                      >
                        My item #2
                      </span>
                    </Translate>
                  </div>
                </MockItemComponent>
              </button>
            </SelectBoxItem>
            <SelectBoxItem
              className=""
              handleSelectionUpdate={[Function]}
              label="My item #3"
              value="item_3"
              wrapper={[Function]}
            >
              <button
                className=""
                onClick={[Function]}
              >
                <MockItemComponent>
                  <div>
                    <Translate
                      className=""
                      params={Object {}}
                      string="My item #3"
                    >
                      <span
                        className=""
                      >
                        My item #3
                      </span>
                    </Translate>
                  </div>
                </MockItemComponent>
              </button>
            </SelectBoxItem>
          </div>
        </div>
      </Transition>
    </Dropdown>
  </div>
</SelectBox>
`;
