// Jest Snapshot v1, https://goo.gl/fbAQLP

exports[`<Placeholder /> Given the component was mounted to the DOM should render 1`] = `
<I18nProvider
  lang="en-US"
  locales={
    Object {
      "greeting": "Hello {world}",
    }
  }
>
  <Translate
    className=""
    params={Object {}}
    string="greeting"
  >
    <span
      className=""
    >
      Hello 
      <Placeholder
        forKey="world"
      >
        <span>
          <strong>
            WORLD
          </strong>
        </span>
      </Placeholder>
      / 
    </span>
  </Translate>
</I18nProvider>
`;
