// Jest Snapshot v1, https://goo.gl/fbAQLP

exports[`<I18nProvider /> Given the component was mounted to the DOM should match snapshot 1`] = `null`;
